  2026-08-30T16:55:00.292540Z  INFO  spaces: Mapping {"Atrebates": Mapping {"Control": String("Briton"), "Prosperity": Mapping {"Top": Number(3), "Bottom": Number(3)}, "Stronghold Sites": Mapping {"Venta Belgarum": Mapping {"Type": String("Fort")}, "Calleva Atrebatum": Mapping {"Type": String("Town")}}, "Units": Mapping {"Militia": Mapping {"Without Plunder": Number(1)}, "Cavalry": Mapping {"Without Plunder": Number(1)}}}, "Brigantes": Mapping {"Control": String("Briton"), "Prosperity": Mapping {"Top": Number(1), "Bottom": Number(1)}, "Stronghold Sites": Mapping {"Barwick": Mapping {"Type": String("Hillfort")}}, "Units": Mapping {"Militia": Mapping {"Without Plunder": Number(2)}}}, "Cantiaci": Mapping {"Control": String("Briton"), "Prosperity": Mapping {"Top": Number(2), "Bottom": Number(2)}, "Stronghold Sites": Mapping {"Rutupiae": Mapping {"Type": String("Fort")}, "Durovernum": Mapping {"Type": String("Town")}}, "Units": Mapping {"Militia": Mapping {"Without Plunder": Number(1)}, "Cavalry": Mapping {"Without Plunder": Number(1)}}}, "Carvetii": Mapping {"Control": String("Briton"), "Prosperity": Mapping {"Top": Number(1), "Bottom": Number(1)}, "Stronghold Sites": Mapping {"Uxellodunum": Mapping {"Type": String("Fort")}}, "Units": Mapping {"Cavalry": Mapping {"Without Plunder": Number(3)}}}, "Catuvellauni": Mapping {"Control": String("Briton"), "Prosperity": Mapping {"Top": Number(3), "Bottom": Number(3)}, "Stronghold Sites": Mapping {"Verulamium": Mapping {"Type": String("Town")}}, "Units": Mapping {"Militia": Mapping {"Without Plunder": Number(1)}}}, "Corieltauvi": Mapping {"Control": String("Briton"), "Prosperity": Mapping {"Top": Number(2), "Bottom": Number(2)}, "Stronghold Sites": Mapping {"Ratae": Mapping {"Type": String("Town")}, "Lindum": Mapping {"Type": String("Fort")}}, "Units": Mapping {"Militia": Mapping {"Without Plunder": Number(1)}, "Cavalry": Mapping {"Without Plunder": Number(1)}}}, "Cornovii": Mapping {"Control": String("Briton"), "Prosperity": Mapping {"Top": Number(2), "Bottom": Number(2)}, "Stronghold Sites": Mapping {"Viroconium": Mapping {"Type": String("Town")}}, "Units": Mapping {"Militia": Mapping {"Without Plunder": Number(1)}}}, "Decangli": Mapping {"Control": String("Briton"), "Prosperity": Mapping {"Top": Number(2), "Bottom": Number(2)}, "Stronghold Sites": Mapping {"Deva": Mapping {"Type": String("Fort")}}, "Units": Mapping {"Cavalry": Mapping {"Without Plunder": Number(2)}}}, "Demetae": Mapping {"Control": String("Briton"), "Prosperity": Mapping {"Top": Number(2), "Bottom": Number(2)}, "Stronghold Sites": Mapping {"Moridunum": Mapping {"Type": String("Hillfort")}}, "Units": Mapping {"Militia": Mapping {"Without Plunder": Number(1)}}}, "Dobunni": Mapping {"Control": String("Briton"), "Prosperity": Mapping {"Top": Number(2), "Bottom": Number(2)}, "Stronghold Sites": Mapping {"Corinium": Mapping {"Type": String("Town")}}, "Units": Mapping {"Militia": Mapping {"Without Plunder": Number(2)}}}, "Dumnonii": Mapping {"Control": String("Briton"), "Prosperity": Mapping {"Top": Number(1), "Bottom": Number(1)}, "Stronghold Sites": Mapping {"Isca Dumnoniorum": Mapping {"Type": String("Town")}}, "Units": Mapping {"Militia": Mapping {"Without Plunder": Number(1)}}}, "Durotriges": Mapping {"Control": String("Briton"), "Prosperity": Mapping {"Top": Number(2), "Bottom": Number(2)}, "Stronghold Sites": Mapping {"Aquae Sulis": Mapping {"Type": String("Town")}}, "Units": Mapping {"Militia": Mapping {"Without Plunder": Number(1)}}}, "Eboracum": Mapping {"Control": String("Briton"), "Prosperity": Number(2), "Stronghold Sites": Mapping {"Eboracum": Mapping {"Type": String("Fort")}}, "Units": Mapping {"Cavalry": Mapping {"Without Plunder": Number(5)}}}, "Iceni": Mapping {"Control": String("Briton"), "Prosperity": Mapping {"Top": Number(2), "Bottom": Number(2)}, "Stronghold Sites": Mapping {"Venta Icenorum": Mapping {"Type": String("Hillfort")}}, "Units": Mapping {"Militia": Mapping {"Without Plunder": Number(1)}}}, "Londinium": Mapping {"Control": String("Briton"), "Prosperity": Number(4), "Stronghold Sites": Mapping {"Londinium": Mapping {"Type": String("Town")}}, "Units": Mapping {"Militia": Mapping {"Without Plunder": Number(1)}}}, "Novantae": Mapping {"Control": String("Briton"), "Prosperity": Mapping {"Top": Number(1), "Bottom": Number(1)}, "Stronghold Sites": Mapping {"Mote of Mark": Mapping {"Type": String("Hillfort")}}, "Units": Mapping {"Militia": Mapping {"Without Plunder": Number(1)}}}, "Ordovices": Mapping {"Control": String("Briton"), "Prosperity": Mapping {"Top": Number(1), "Bottom": Number(1)}, "Stronghold Sites": Mapping {"Segontium": Mapping {"Type": String("Hillfort")}}, "Units": Mapping {"Militia": Mapping {"Without Plunder": Number(1)}}}, "Parisi": Mapping {"Control": String("Briton"), "Prosperity": Mapping {"Top": Number(2), "Bottom": Number(2)}, "Stronghold Sites": Mapping {"Petuaria": Mapping {"Type": String("Hillfort")}}, "Units": Mapping {"Militia": Mapping {"Without Plunder": Number(1)}}}, "Regni": Mapping {"Control": String("Briton"), "Prosperity": Mapping {"Top": Number(2), "Bottom": Number(2)}, "Stronghold Sites": Mapping {"Anderida": Mapping {"Type": String("Fort")}, "Noviomagus": Mapping {"Type": String("Town")}}, "Units": Mapping {"Militia": Mapping {"Without Plunder": Number(1)}, "Cavalry": Mapping {"Without Plunder": Number(1)}}}, "Silures": Mapping {"Control": String("Briton"), "Prosperity": Mapping {"Top": Number(1), "Bottom": Number(1)}, "Stronghold Sites": Mapping {"Dinas Powys": Mapping {"Type": String("Fort")}, "Isca Silurum": Mapping {"Type": String("Town")}}, "Units": Mapping {"Cavalry": Mapping {"Without Plunder": Number(2)}}}, "Textoverdi": Mapping {"Control": String("Briton"), "Prosperity": Mapping {"Top": Number(2), "Bottom": Number(2)}, "Stronghold Sites": Mapping {"Pons Aelius": Mapping {"Type": String("Fort")}, "Cataractonium": Mapping {"Type": String("Town")}}, "Units": Mapping {"Cavalry": Mapping {"Without Plunder": Number(3)}}}, "Trinovantes": Mapping {"Control": String("Briton"), "Prosperity": Mapping {"Top": Number(2), "Bottom": Number(2)}, "Stronghold Sites": Mapping {"Camolodunum": Mapping {"Type": String("Town")}, "Walton Castle": Mapping {"Type": String("Fort")}}, "Units": Mapping {"Militia": Mapping {"Without Plunder": Number(1)}, "Cavalry": Mapping {"Without Plunder": Number(1)}}}, "Votadini": Mapping {"Control": String("Briton"), "Prosperity": Mapping {"Top": Number(2), "Bottom": Number(2)}, "Stronghold Sites": Mapping {"Yeavering": Mapping {"Type": String("Hillfort")}, "Taprain Law": Mapping {"Type": String("Hillfort")}}, "Units": Mapping {"Militia": Mapping {"Without Plunder": Number(4)}}}, "Oceanus Britannicus": Mapping {"Patrolled": Bool(true)}, "Oceanus Germanicus": Mapping {"Patrolled": Bool(true)}, "Oceanus Hibernicus": Mapping {"Patrolled": Bool(false)}, "Oceanus Septentrionalis": Mapping {"Patrolled": Bool(false)}}
    in build_scenario_from_yaml with map_file_path="C:\\Users\\matth\\Documents\\GitHub\\pdg-rust-cli\\src\\setup\\map.yaml" scenario_file_path="C:\\Users\\matth\\Documents\\GitHub\\pdg-rust-cli\\src\\setup\\scenario_de_excidio_britanniae.yaml"

  2026-08-30T16:55:00.293148Z  INFO  space_id: "Atrebates", space: Mapping {"Control": String("Briton"), "Prosperity": Mapping {"Top": Number(3), "Bottom": Number(3)}, "Stronghold Sites": Mapping {"Venta Belgarum": Mapping {"Type": String("Fort")}, "Calleva Atrebatum": Mapping {"Type": String("Town")}}, "Units": Mapping {"Militia": Mapping {"Without Plunder": Number(1)}, "Cavalry": Mapping {"Without Plunder": Number(1)}}}
    in build_scenario_from_yaml with map_file_path="C:\\Users\\matth\\Documents\\GitHub\\pdg-rust-cli\\src\\setup\\map.yaml" scenario_file_path="C:\\Users\\matth\\Documents\\GitHub\\pdg-rust-cli\\src\\setup\\scenario_de_excidio_britanniae.yaml"

  2026-08-30T16:55:00.293190Z  INFO  land.space_type: Region
    in build_scenario_from_yaml with map_file_path="C:\\Users\\matth\\Documents\\GitHub\\pdg-rust-cli\\src\\setup\\map.yaml" scenario_file_path="C:\\Users\\matth\\Documents\\GitHub\\pdg-rust-cli\\src\\setup\\scenario_de_excidio_britanniae.yaml"

  2026-08-30T16:55:00.293209Z  INFO  stronghold_sites: Mapping {"Venta Belgarum": Mapping {"Type": String("Fort")}, "Calleva Atrebatum": Mapping {"Type": String("Town")}}
    in build_scenario_from_yaml with map_file_path="C:\\Users\\matth\\Documents\\GitHub\\pdg-rust-cli\\src\\setup\\map.yaml" scenario_file_path="C:\\Users\\matth\\Documents\\GitHub\\pdg-rust-cli\\src\\setup\\scenario_de_excidio_britanniae.yaml"

  2026-08-30T16:55:00.293265Z  INFO  space_id: "Brigantes", space: Mapping {"Control": String("Briton"), "Prosperity": Mapping {"Top": Number(1), "Bottom": Number(1)}, "Stronghold Sites": Mapping {"Barwick": Mapping {"Type": String("Hillfort")}}, "Units": Mapping {"Militia": Mapping {"Without Plunder": Number(2)}}}
    in build_scenario_from_yaml with map_file_path="C:\\Users\\matth\\Documents\\GitHub\\pdg-rust-cli\\src\\setup\\map.yaml" scenario_file_path="C:\\Users\\matth\\Documents\\GitHub\\pdg-rust-cli\\src\\setup\\scenario_de_excidio_britanniae.yaml"

  2026-08-30T16:55:00.293290Z  INFO  land.space_type: Region
    in build_scenario_from_yaml with map_file_path="C:\\Users\\matth\\Documents\\GitHub\\pdg-rust-cli\\src\\setup\\map.yaml" scenario_file_path="C:\\Users\\matth\\Documents\\GitHub\\pdg-rust-cli\\src\\setup\\scenario_de_excidio_britanniae.yaml"

  2026-08-30T16:55:00.293304Z  INFO  stronghold_sites: Mapping {"Barwick": Mapping {"Type": String("Hillfort")}}
    in build_scenario_from_yaml with map_file_path="C:\\Users\\matth\\Documents\\GitHub\\pdg-rust-cli\\src\\setup\\map.yaml" scenario_file_path="C:\\Users\\matth\\Documents\\GitHub\\pdg-rust-cli\\src\\setup\\scenario_de_excidio_britanniae.yaml"

  2026-08-30T16:55:00.293321Z  INFO  space_id: "Cantiaci", space: Mapping {"Control": String("Briton"), "Prosperity": Mapping {"Top": Number(2), "Bottom": Number(2)}, "Stronghold Sites": Mapping {"Rutupiae": Mapping {"Type": String("Fort")}, "Durovernum": Mapping {"Type": String("Town")}}, "Units": Mapping {"Militia": Mapping {"Without Plunder": Number(1)}, "Cavalry": Mapping {"Without Plunder": Number(1)}}}
    in build_scenario_from_yaml with map_file_path="C:\\Users\\matth\\Documents\\GitHub\\pdg-rust-cli\\src\\setup\\map.yaml" scenario_file_path="C:\\Users\\matth\\Documents\\GitHub\\pdg-rust-cli\\src\\setup\\scenario_de_excidio_britanniae.yaml"

  2026-08-30T16:55:00.293342Z  INFO  land.space_type: Region
    in build_scenario_from_yaml with map_file_path="C:\\Users\\matth\\Documents\\GitHub\\pdg-rust-cli\\src\\setup\\map.yaml" scenario_file_path="C:\\Users\\matth\\Documents\\GitHub\\pdg-rust-cli\\src\\setup\\scenario_de_excidio_britanniae.yaml"

  2026-08-30T16:55:00.293355Z  INFO  stronghold_sites: Mapping {"Rutupiae": Mapping {"Type": String("Fort")}, "Durovernum": Mapping {"Type": String("Town")}}
    in build_scenario_from_yaml with map_file_path="C:\\Users\\matth\\Documents\\GitHub\\pdg-rust-cli\\src\\setup\\map.yaml" scenario_file_path="C:\\Users\\matth\\Documents\\GitHub\\pdg-rust-cli\\src\\setup\\scenario_de_excidio_britanniae.yaml"

  2026-08-30T16:55:00.293375Z  INFO  space_id: "Carvetii", space: Mapping {"Control": String("Briton"), "Prosperity": Mapping {"Top": Number(1), "Bottom": Number(1)}, "Stronghold Sites": Mapping {"Uxellodunum": Mapping {"Type": String("Fort")}}, "Units": Mapping {"Cavalry": Mapping {"Without Plunder": Number(3)}}}
    in build_scenario_from_yaml with map_file_path="C:\\Users\\matth\\Documents\\GitHub\\pdg-rust-cli\\src\\setup\\map.yaml" scenario_file_path="C:\\Users\\matth\\Documents\\GitHub\\pdg-rust-cli\\src\\setup\\scenario_de_excidio_britanniae.yaml"

  2026-08-30T16:55:00.293394Z  INFO  land.space_type: Region
    in build_scenario_from_yaml with map_file_path="C:\\Users\\matth\\Documents\\GitHub\\pdg-rust-cli\\src\\setup\\map.yaml" scenario_file_path="C:\\Users\\matth\\Documents\\GitHub\\pdg-rust-cli\\src\\setup\\scenario_de_excidio_britanniae.yaml"

  2026-08-30T16:55:00.293408Z  INFO  stronghold_sites: Mapping {"Uxellodunum": Mapping {"Type": String("Fort")}}
    in build_scenario_from_yaml with map_file_path="C:\\Users\\matth\\Documents\\GitHub\\pdg-rust-cli\\src\\setup\\map.yaml" scenario_file_path="C:\\Users\\matth\\Documents\\GitHub\\pdg-rust-cli\\src\\setup\\scenario_de_excidio_britanniae.yaml"

  2026-08-30T16:55:00.293426Z  INFO  space_id: "Catuvellauni", space: Mapping {"Control": String("Briton"), "Prosperity": Mapping {"Top": Number(3), "Bottom": Number(3)}, "Stronghold Sites": Mapping {"Verulamium": Mapping {"Type": String("Town")}}, "Units": Mapping {"Militia": Mapping {"Without Plunder": Number(1)}}}
    in build_scenario_from_yaml with map_file_path="C:\\Users\\matth\\Documents\\GitHub\\pdg-rust-cli\\src\\setup\\map.yaml" scenario_file_path="C:\\Users\\matth\\Documents\\GitHub\\pdg-rust-cli\\src\\setup\\scenario_de_excidio_britanniae.yaml"

  2026-08-30T16:55:00.293447Z  INFO  land.space_type: Region
    in build_scenario_from_yaml with map_file_path="C:\\Users\\matth\\Documents\\GitHub\\pdg-rust-cli\\src\\setup\\map.yaml" scenario_file_path="C:\\Users\\matth\\Documents\\GitHub\\pdg-rust-cli\\src\\setup\\scenario_de_excidio_britanniae.yaml"

  2026-08-30T16:55:00.293461Z  INFO  stronghold_sites: Mapping {"Verulamium": Mapping {"Type": String("Town")}}
    in build_scenario_from_yaml with map_file_path="C:\\Users\\matth\\Documents\\GitHub\\pdg-rust-cli\\src\\setup\\map.yaml" scenario_file_path="C:\\Users\\matth\\Documents\\GitHub\\pdg-rust-cli\\src\\setup\\scenario_de_excidio_britanniae.yaml"

  2026-08-30T16:55:00.293477Z  INFO  space_id: "Corieltauvi", space: Mapping {"Control": String("Briton"), "Prosperity": Mapping {"Top": Number(2), "Bottom": Number(2)}, "Stronghold Sites": Mapping {"Ratae": Mapping {"Type": String("Town")}, "Lindum": Mapping {"Type": String("Fort")}}, "Units": Mapping {"Militia": Mapping {"Without Plunder": Number(1)}, "Cavalry": Mapping {"Without Plunder": Number(1)}}}
    in build_scenario_from_yaml with map_file_path="C:\\Users\\matth\\Documents\\GitHub\\pdg-rust-cli\\src\\setup\\map.yaml" scenario_file_path="C:\\Users\\matth\\Documents\\GitHub\\pdg-rust-cli\\src\\setup\\scenario_de_excidio_britanniae.yaml"

  2026-08-30T16:55:00.293498Z  INFO  land.space_type: Region
    in build_scenario_from_yaml with map_file_path="C:\\Users\\matth\\Documents\\GitHub\\pdg-rust-cli\\src\\setup\\map.yaml" scenario_file_path="C:\\Users\\matth\\Documents\\GitHub\\pdg-rust-cli\\src\\setup\\scenario_de_excidio_britanniae.yaml"

  2026-08-30T16:55:00.293512Z  INFO  stronghold_sites: Mapping {"Ratae": Mapping {"Type": String("Town")}, "Lindum": Mapping {"Type": String("Fort")}}
    in build_scenario_from_yaml with map_file_path="C:\\Users\\matth\\Documents\\GitHub\\pdg-rust-cli\\src\\setup\\map.yaml" scenario_file_path="C:\\Users\\matth\\Documents\\GitHub\\pdg-rust-cli\\src\\setup\\scenario_de_excidio_britanniae.yaml"

  2026-08-30T16:55:00.293531Z  INFO  space_id: "Cornovii", space: Mapping {"Control": String("Briton"), "Prosperity": Mapping {"Top": Number(2), "Bottom": Number(2)}, "Stronghold Sites": Mapping {"Viroconium": Mapping {"Type": String("Town")}}, "Units": Mapping {"Militia": Mapping {"Without Plunder": Number(1)}}}
    in build_scenario_from_yaml with map_file_path="C:\\Users\\matth\\Documents\\GitHub\\pdg-rust-cli\\src\\setup\\map.yaml" scenario_file_path="C:\\Users\\matth\\Documents\\GitHub\\pdg-rust-cli\\src\\setup\\scenario_de_excidio_britanniae.yaml"

  2026-08-30T16:55:00.293550Z  INFO  land.space_type: Region
    in build_scenario_from_yaml with map_file_path="C:\\Users\\matth\\Documents\\GitHub\\pdg-rust-cli\\src\\setup\\map.yaml" scenario_file_path="C:\\Users\\matth\\Documents\\GitHub\\pdg-rust-cli\\src\\setup\\scenario_de_excidio_britanniae.yaml"

  2026-08-30T16:55:00.293563Z  INFO  stronghold_sites: Mapping {"Viroconium": Mapping {"Type": String("Town")}}
    in build_scenario_from_yaml with map_file_path="C:\\Users\\matth\\Documents\\GitHub\\pdg-rust-cli\\src\\setup\\map.yaml" scenario_file_path="C:\\Users\\matth\\Documents\\GitHub\\pdg-rust-cli\\src\\setup\\scenario_de_excidio_britanniae.yaml"

  2026-08-30T16:55:00.293580Z  INFO  space_id: "Decangli", space: Mapping {"Control": String("Briton"), "Prosperity": Mapping {"Top": Number(2), "Bottom": Number(2)}, "Stronghold Sites": Mapping {"Deva": Mapping {"Type": String("Fort")}}, "Units": Mapping {"Cavalry": Mapping {"Without Plunder": Number(2)}}}
    in build_scenario_from_yaml with map_file_path="C:\\Users\\matth\\Documents\\GitHub\\pdg-rust-cli\\src\\setup\\map.yaml" scenario_file_path="C:\\Users\\matth\\Documents\\GitHub\\pdg-rust-cli\\src\\setup\\scenario_de_excidio_britanniae.yaml"

  2026-08-30T16:55:00.293621Z  INFO  land.space_type: Region
    in build_scenario_from_yaml with map_file_path="C:\\Users\\matth\\Documents\\GitHub\\pdg-rust-cli\\src\\setup\\map.yaml" scenario_file_path="C:\\Users\\matth\\Documents\\GitHub\\pdg-rust-cli\\src\\setup\\scenario_de_excidio_britanniae.yaml"

  2026-08-30T16:55:00.293639Z  INFO  stronghold_sites: Mapping {"Deva": Mapping {"Type": String("Fort")}}
    in build_scenario_from_yaml with map_file_path="C:\\Users\\matth\\Documents\\GitHub\\pdg-rust-cli\\src\\setup\\map.yaml" scenario_file_path="C:\\Users\\matth\\Documents\\GitHub\\pdg-rust-cli\\src\\setup\\scenario_de_excidio_britanniae.yaml"

  2026-08-30T16:55:00.293657Z  INFO  space_id: "Demetae", space: Mapping {"Control": String("Briton"), "Prosperity": Mapping {"Top": Number(2), "Bottom": Number(2)}, "Stronghold Sites": Mapping {"Moridunum": Mapping {"Type": String("Hillfort")}}, "Units": Mapping {"Militia": Mapping {"Without Plunder": Number(1)}}}
    in build_scenario_from_yaml with map_file_path="C:\\Users\\matth\\Documents\\GitHub\\pdg-rust-cli\\src\\setup\\map.yaml" scenario_file_path="C:\\Users\\matth\\Documents\\GitHub\\pdg-rust-cli\\src\\setup\\scenario_de_excidio_britanniae.yaml"

  2026-08-30T16:55:00.293676Z  INFO  land.space_type: Region
    in build_scenario_from_yaml with map_file_path="C:\\Users\\matth\\Documents\\GitHub\\pdg-rust-cli\\src\\setup\\map.yaml" scenario_file_path="C:\\Users\\matth\\Documents\\GitHub\\pdg-rust-cli\\src\\setup\\scenario_de_excidio_britanniae.yaml"

  2026-08-30T16:55:00.293689Z  INFO  stronghold_sites: Mapping {"Moridunum": Mapping {"Type": String("Hillfort")}}
    in build_scenario_from_yaml with map_file_path="C:\\Users\\matth\\Documents\\GitHub\\pdg-rust-cli\\src\\setup\\map.yaml" scenario_file_path="C:\\Users\\matth\\Documents\\GitHub\\pdg-rust-cli\\src\\setup\\scenario_de_excidio_britanniae.yaml"

  2026-08-30T16:55:00.293705Z  INFO  space_id: "Dobunni", space: Mapping {"Control": String("Briton"), "Prosperity": Mapping {"Top": Number(2), "Bottom": Number(2)}, "Stronghold Sites": Mapping {"Corinium": Mapping {"Type": String("Town")}}, "Units": Mapping {"Militia": Mapping {"Without Plunder": Number(2)}}}
    in build_scenario_from_yaml with map_file_path="C:\\Users\\matth\\Documents\\GitHub\\pdg-rust-cli\\src\\setup\\map.yaml" scenario_file_path="C:\\Users\\matth\\Documents\\GitHub\\pdg-rust-cli\\src\\setup\\scenario_de_excidio_britanniae.yaml"

  2026-08-30T16:55:00.293724Z  INFO  land.space_type: Region
    in build_scenario_from_yaml with map_file_path="C:\\Users\\matth\\Documents\\GitHub\\pdg-rust-cli\\src\\setup\\map.yaml" scenario_file_path="C:\\Users\\matth\\Documents\\GitHub\\pdg-rust-cli\\src\\setup\\scenario_de_excidio_britanniae.yaml"

  2026-08-30T16:55:00.293737Z  INFO  stronghold_sites: Mapping {"Corinium": Mapping {"Type": String("Town")}}
    in build_scenario_from_yaml with map_file_path="C:\\Users\\matth\\Documents\\GitHub\\pdg-rust-cli\\src\\setup\\map.yaml" scenario_file_path="C:\\Users\\matth\\Documents\\GitHub\\pdg-rust-cli\\src\\setup\\scenario_de_excidio_britanniae.yaml"

  2026-08-30T16:55:00.293753Z  INFO  space_id: "Dumnonii", space: Mapping {"Control": String("Briton"), "Prosperity": Mapping {"Top": Number(1), "Bottom": Number(1)}, "Stronghold Sites": Mapping {"Isca Dumnoniorum": Mapping {"Type": String("Town")}}, "Units": Mapping {"Militia": Mapping {"Without Plunder": Number(1)}}}
    in build_scenario_from_yaml with map_file_path="C:\\Users\\matth\\Documents\\GitHub\\pdg-rust-cli\\src\\setup\\map.yaml" scenario_file_path="C:\\Users\\matth\\Documents\\GitHub\\pdg-rust-cli\\src\\setup\\scenario_de_excidio_britanniae.yaml"

  2026-08-30T16:55:00.293772Z  INFO  land.space_type: Region
    in build_scenario_from_yaml with map_file_path="C:\\Users\\matth\\Documents\\GitHub\\pdg-rust-cli\\src\\setup\\map.yaml" scenario_file_path="C:\\Users\\matth\\Documents\\GitHub\\pdg-rust-cli\\src\\setup\\scenario_de_excidio_britanniae.yaml"

  2026-08-30T16:55:00.293811Z  INFO  stronghold_sites: Mapping {"Isca Dumnoniorum": Mapping {"Type": String("Town")}}
    in build_scenario_from_yaml with map_file_path="C:\\Users\\matth\\Documents\\GitHub\\pdg-rust-cli\\src\\setup\\map.yaml" scenario_file_path="C:\\Users\\matth\\Documents\\GitHub\\pdg-rust-cli\\src\\setup\\scenario_de_excidio_britanniae.yaml"

  2026-08-30T16:55:00.293833Z  INFO  space_id: "Durotriges", space: Mapping {"Control": String("Briton"), "Prosperity": Mapping {"Top": Number(2), "Bottom": Number(2)}, "Stronghold Sites": Mapping {"Aquae Sulis": Mapping {"Type": String("Town")}}, "Units": Mapping {"Militia": Mapping {"Without Plunder": Number(1)}}}
    in build_scenario_from_yaml with map_file_path="C:\\Users\\matth\\Documents\\GitHub\\pdg-rust-cli\\src\\setup\\map.yaml" scenario_file_path="C:\\Users\\matth\\Documents\\GitHub\\pdg-rust-cli\\src\\setup\\scenario_de_excidio_britanniae.yaml"

  2026-08-30T16:55:00.293853Z  INFO  land.space_type: Region
    in build_scenario_from_yaml with map_file_path="C:\\Users\\matth\\Documents\\GitHub\\pdg-rust-cli\\src\\setup\\map.yaml" scenario_file_path="C:\\Users\\matth\\Documents\\GitHub\\pdg-rust-cli\\src\\setup\\scenario_de_excidio_britanniae.yaml"

  2026-08-30T16:55:00.293867Z  INFO  stronghold_sites: Mapping {"Aquae Sulis": Mapping {"Type": String("Town")}}
    in build_scenario_from_yaml with map_file_path="C:\\Users\\matth\\Documents\\GitHub\\pdg-rust-cli\\src\\setup\\map.yaml" scenario_file_path="C:\\Users\\matth\\Documents\\GitHub\\pdg-rust-cli\\src\\setup\\scenario_de_excidio_britanniae.yaml"

  2026-08-30T16:55:00.293883Z  INFO  space_id: "Eboracum", space: Mapping {"Control": String("Briton"), "Prosperity": Number(2), "Stronghold Sites": Mapping {"Eboracum": Mapping {"Type": String("Fort")}}, "Units": Mapping {"Cavalry": Mapping {"Without Plunder": Number(5)}}}
    in build_scenario_from_yaml with map_file_path="C:\\Users\\matth\\Documents\\GitHub\\pdg-rust-cli\\src\\setup\\map.yaml" scenario_file_path="C:\\Users\\matth\\Documents\\GitHub\\pdg-rust-cli\\src\\setup\\scenario_de_excidio_britanniae.yaml"

  2026-08-30T16:55:00.293901Z  INFO  stronghold_sites: Mapping {"Eboracum": Mapping {"Type": String("Fort")}}
    in build_scenario_from_yaml with map_file_path="C:\\Users\\matth\\Documents\\GitHub\\pdg-rust-cli\\src\\setup\\map.yaml" scenario_file_path="C:\\Users\\matth\\Documents\\GitHub\\pdg-rust-cli\\src\\setup\\scenario_de_excidio_britanniae.yaml"

  2026-08-30T16:55:00.293919Z  INFO  space_id: "Iceni", space: Mapping {"Control": String("Briton"), "Prosperity": Mapping {"Top": Number(2), "Bottom": Number(2)}, "Stronghold Sites": Mapping {"Venta Icenorum": Mapping {"Type": String("Hillfort")}}, "Units": Mapping {"Militia": Mapping {"Without Plunder": Number(1)}}}
    in build_scenario_from_yaml with map_file_path="C:\\Users\\matth\\Documents\\GitHub\\pdg-rust-cli\\src\\setup\\map.yaml" scenario_file_path="C:\\Users\\matth\\Documents\\GitHub\\pdg-rust-cli\\src\\setup\\scenario_de_excidio_britanniae.yaml"

  2026-08-30T16:55:00.293938Z  INFO  land.space_type: Region
    in build_scenario_from_yaml with map_file_path="C:\\Users\\matth\\Documents\\GitHub\\pdg-rust-cli\\src\\setup\\map.yaml" scenario_file_path="C:\\Users\\matth\\Documents\\GitHub\\pdg-rust-cli\\src\\setup\\scenario_de_excidio_britanniae.yaml"

  2026-08-30T16:55:00.293952Z  INFO  stronghold_sites: Mapping {"Venta Icenorum": Mapping {"Type": String("Hillfort")}}
    in build_scenario_from_yaml with map_file_path="C:\\Users\\matth\\Documents\\GitHub\\pdg-rust-cli\\src\\setup\\map.yaml" scenario_file_path="C:\\Users\\matth\\Documents\\GitHub\\pdg-rust-cli\\src\\setup\\scenario_de_excidio_britanniae.yaml"

  2026-08-30T16:55:00.293968Z  INFO  space_id: "Londinium", space: Mapping {"Control": String("Briton"), "Prosperity": Number(4), "Stronghold Sites": Mapping {"Londinium": Mapping {"Type": String("Town")}}, "Units": Mapping {"Militia": Mapping {"Without Plunder": Number(1)}}}
    in build_scenario_from_yaml with map_file_path="C:\\Users\\matth\\Documents\\GitHub\\pdg-rust-cli\\src\\setup\\map.yaml" scenario_file_path="C:\\Users\\matth\\Documents\\GitHub\\pdg-rust-cli\\src\\setup\\scenario_de_excidio_britanniae.yaml"

  2026-08-30T16:55:00.293988Z  INFO  stronghold_sites: Mapping {"Londinium": Mapping {"Type": String("Town")}}
    in build_scenario_from_yaml with map_file_path="C:\\Users\\matth\\Documents\\GitHub\\pdg-rust-cli\\src\\setup\\map.yaml" scenario_file_path="C:\\Users\\matth\\Documents\\GitHub\\pdg-rust-cli\\src\\setup\\scenario_de_excidio_britanniae.yaml"

  2026-08-30T16:55:00.294006Z  INFO  space_id: "Novantae", space: Mapping {"Control": String("Briton"), "Prosperity": Mapping {"Top": Number(1), "Bottom": Number(1)}, "Stronghold Sites": Mapping {"Mote of Mark": Mapping {"Type": String("Hillfort")}}, "Units": Mapping {"Militia": Mapping {"Without Plunder": Number(1)}}}
    in build_scenario_from_yaml with map_file_path="C:\\Users\\matth\\Documents\\GitHub\\pdg-rust-cli\\src\\setup\\map.yaml" scenario_file_path="C:\\Users\\matth\\Documents\\GitHub\\pdg-rust-cli\\src\\setup\\scenario_de_excidio_britanniae.yaml"

  2026-08-30T16:55:00.294025Z  INFO  land.space_type: Region
    in build_scenario_from_yaml with map_file_path="C:\\Users\\matth\\Documents\\GitHub\\pdg-rust-cli\\src\\setup\\map.yaml" scenario_file_path="C:\\Users\\matth\\Documents\\GitHub\\pdg-rust-cli\\src\\setup\\scenario_de_excidio_britanniae.yaml"

  2026-08-30T16:55:00.294039Z  INFO  stronghold_sites: Mapping {"Mote of Mark": Mapping {"Type": String("Hillfort")}}
    in build_scenario_from_yaml with map_file_path="C:\\Users\\matth\\Documents\\GitHub\\pdg-rust-cli\\src\\setup\\map.yaml" scenario_file_path="C:\\Users\\matth\\Documents\\GitHub\\pdg-rust-cli\\src\\setup\\scenario_de_excidio_britanniae.yaml"

  2026-08-30T16:55:00.294055Z  INFO  space_id: "Ordovices", space: Mapping {"Control": String("Briton"), "Prosperity": Mapping {"Top": Number(1), "Bottom": Number(1)}, "Stronghold Sites": Mapping {"Segontium": Mapping {"Type": String("Hillfort")}}, "Units": Mapping {"Militia": Mapping {"Without Plunder": Number(1)}}}
    in build_scenario_from_yaml with map_file_path="C:\\Users\\matth\\Documents\\GitHub\\pdg-rust-cli\\src\\setup\\map.yaml" scenario_file_path="C:\\Users\\matth\\Documents\\GitHub\\pdg-rust-cli\\src\\setup\\scenario_de_excidio_britanniae.yaml"

  2026-08-30T16:55:00.294073Z  INFO  land.space_type: Region
    in build_scenario_from_yaml with map_file_path="C:\\Users\\matth\\Documents\\GitHub\\pdg-rust-cli\\src\\setup\\map.yaml" scenario_file_path="C:\\Users\\matth\\Documents\\GitHub\\pdg-rust-cli\\src\\setup\\scenario_de_excidio_britanniae.yaml"

  2026-08-30T16:55:00.294087Z  INFO  stronghold_sites: Mapping {"Segontium": Mapping {"Type": String("Hillfort")}}
    in build_scenario_from_yaml with map_file_path="C:\\Users\\matth\\Documents\\GitHub\\pdg-rust-cli\\src\\setup\\map.yaml" scenario_file_path="C:\\Users\\matth\\Documents\\GitHub\\pdg-rust-cli\\src\\setup\\scenario_de_excidio_britanniae.yaml"

  2026-08-30T16:55:00.294103Z  INFO  space_id: "Parisi", space: Mapping {"Control": String("Briton"), "Prosperity": Mapping {"Top": Number(2), "Bottom": Number(2)}, "Stronghold Sites": Mapping {"Petuaria": Mapping {"Type": String("Hillfort")}}, "Units": Mapping {"Militia": Mapping {"Without Plunder": Number(1)}}}
    in build_scenario_from_yaml with map_file_path="C:\\Users\\matth\\Documents\\GitHub\\pdg-rust-cli\\src\\setup\\map.yaml" scenario_file_path="C:\\Users\\matth\\Documents\\GitHub\\pdg-rust-cli\\src\\setup\\scenario_de_excidio_britanniae.yaml"

  2026-08-30T16:55:00.294122Z  INFO  land.space_type: Region
    in build_scenario_from_yaml with map_file_path="C:\\Users\\matth\\Documents\\GitHub\\pdg-rust-cli\\src\\setup\\map.yaml" scenario_file_path="C:\\Users\\matth\\Documents\\GitHub\\pdg-rust-cli\\src\\setup\\scenario_de_excidio_britanniae.yaml"

  2026-08-30T16:55:00.294137Z  INFO  stronghold_sites: Mapping {"Petuaria": Mapping {"Type": String("Hillfort")}}
    in build_scenario_from_yaml with map_file_path="C:\\Users\\matth\\Documents\\GitHub\\pdg-rust-cli\\src\\setup\\map.yaml" scenario_file_path="C:\\Users\\matth\\Documents\\GitHub\\pdg-rust-cli\\src\\setup\\scenario_de_excidio_britanniae.yaml"

  2026-08-30T16:55:00.294154Z  INFO  space_id: "Regni", space: Mapping {"Control": String("Briton"), "Prosperity": Mapping {"Top": Number(2), "Bottom": Number(2)}, "Stronghold Sites": Mapping {"Anderida": Mapping {"Type": String("Fort")}, "Noviomagus": Mapping {"Type": String("Town")}}, "Units": Mapping {"Militia": Mapping {"Without Plunder": Number(1)}, "Cavalry": Mapping {"Without Plunder": Number(1)}}}
    in build_scenario_from_yaml with map_file_path="C:\\Users\\matth\\Documents\\GitHub\\pdg-rust-cli\\src\\setup\\map.yaml" scenario_file_path="C:\\Users\\matth\\Documents\\GitHub\\pdg-rust-cli\\src\\setup\\scenario_de_excidio_britanniae.yaml"

  2026-08-30T16:55:00.294175Z  INFO  land.space_type: Region
    in build_scenario_from_yaml with map_file_path="C:\\Users\\matth\\Documents\\GitHub\\pdg-rust-cli\\src\\setup\\map.yaml" scenario_file_path="C:\\Users\\matth\\Documents\\GitHub\\pdg-rust-cli\\src\\setup\\scenario_de_excidio_britanniae.yaml"

  2026-08-30T16:55:00.294189Z  INFO  stronghold_sites: Mapping {"Anderida": Mapping {"Type": String("Fort")}, "Noviomagus": Mapping {"Type": String("Town")}}
    in build_scenario_from_yaml with map_file_path="C:\\Users\\matth\\Documents\\GitHub\\pdg-rust-cli\\src\\setup\\map.yaml" scenario_file_path="C:\\Users\\matth\\Documents\\GitHub\\pdg-rust-cli\\src\\setup\\scenario_de_excidio_britanniae.yaml"

  2026-08-30T16:55:00.294208Z  INFO  space_id: "Silures", space: Mapping {"Control": String("Briton"), "Prosperity": Mapping {"Top": Number(1), "Bottom": Number(1)}, "Stronghold Sites": Mapping {"Dinas Powys": Mapping {"Type": String("Fort")}, "Isca Silurum": Mapping {"Type": String("Town")}}, "Units": Mapping {"Cavalry": Mapping {"Without Plunder": Number(2)}}}
    in build_scenario_from_yaml with map_file_path="C:\\Users\\matth\\Documents\\GitHub\\pdg-rust-cli\\src\\setup\\map.yaml" scenario_file_path="C:\\Users\\matth\\Documents\\GitHub\\pdg-rust-cli\\src\\setup\\scenario_de_excidio_britanniae.yaml"

  2026-08-30T16:55:00.294228Z  INFO  land.space_type: Region
    in build_scenario_from_yaml with map_file_path="C:\\Users\\matth\\Documents\\GitHub\\pdg-rust-cli\\src\\setup\\map.yaml" scenario_file_path="C:\\Users\\matth\\Documents\\GitHub\\pdg-rust-cli\\src\\setup\\scenario_de_excidio_britanniae.yaml"

  2026-08-30T16:55:00.294241Z  INFO  stronghold_sites: Mapping {"Dinas Powys": Mapping {"Type": String("Fort")}, "Isca Silurum": Mapping {"Type": String("Town")}}
    in build_scenario_from_yaml with map_file_path="C:\\Users\\matth\\Documents\\GitHub\\pdg-rust-cli\\src\\setup\\map.yaml" scenario_file_path="C:\\Users\\matth\\Documents\\GitHub\\pdg-rust-cli\\src\\setup\\scenario_de_excidio_britanniae.yaml"

  2026-08-30T16:55:00.294258Z  INFO  space_id: "Textoverdi", space: Mapping {"Control": String("Briton"), "Prosperity": Mapping {"Top": Number(2), "Bottom": Number(2)}, "Stronghold Sites": Mapping {"Pons Aelius": Mapping {"Type": String("Fort")}, "Cataractonium": Mapping {"Type": String("Town")}}, "Units": Mapping {"Cavalry": Mapping {"Without Plunder": Number(3)}}}
    in build_scenario_from_yaml with map_file_path="C:\\Users\\matth\\Documents\\GitHub\\pdg-rust-cli\\src\\setup\\map.yaml" scenario_file_path="C:\\Users\\matth\\Documents\\GitHub\\pdg-rust-cli\\src\\setup\\scenario_de_excidio_britanniae.yaml"

  2026-08-30T16:55:00.294278Z  INFO  land.space_type: Region
    in build_scenario_from_yaml with map_file_path="C:\\Users\\matth\\Documents\\GitHub\\pdg-rust-cli\\src\\setup\\map.yaml" scenario_file_path="C:\\Users\\matth\\Documents\\GitHub\\pdg-rust-cli\\src\\setup\\scenario_de_excidio_britanniae.yaml"

  2026-08-30T16:55:00.294291Z  INFO  stronghold_sites: Mapping {"Pons Aelius": Mapping {"Type": String("Fort")}, "Cataractonium": Mapping {"Type": String("Town")}}
    in build_scenario_from_yaml with map_file_path="C:\\Users\\matth\\Documents\\GitHub\\pdg-rust-cli\\src\\setup\\map.yaml" scenario_file_path="C:\\Users\\matth\\Documents\\GitHub\\pdg-rust-cli\\src\\setup\\scenario_de_excidio_britanniae.yaml"

  2026-08-30T16:55:00.294310Z  INFO  space_id: "Trinovantes", space: Mapping {"Control": String("Briton"), "Prosperity": Mapping {"Top": Number(2), "Bottom": Number(2)}, "Stronghold Sites": Mapping {"Camolodunum": Mapping {"Type": String("Town")}, "Walton Castle": Mapping {"Type": String("Fort")}}, "Units": Mapping {"Militia": Mapping {"Without Plunder": Number(1)}, "Cavalry": Mapping {"Without Plunder": Number(1)}}}
    in build_scenario_from_yaml with map_file_path="C:\\Users\\matth\\Documents\\GitHub\\pdg-rust-cli\\src\\setup\\map.yaml" scenario_file_path="C:\\Users\\matth\\Documents\\GitHub\\pdg-rust-cli\\src\\setup\\scenario_de_excidio_britanniae.yaml"

  2026-08-30T16:55:00.294332Z  INFO  land.space_type: Region
    in build_scenario_from_yaml with map_file_path="C:\\Users\\matth\\Documents\\GitHub\\pdg-rust-cli\\src\\setup\\map.yaml" scenario_file_path="C:\\Users\\matth\\Documents\\GitHub\\pdg-rust-cli\\src\\setup\\scenario_de_excidio_britanniae.yaml"

  2026-08-30T16:55:00.294346Z  INFO  stronghold_sites: Mapping {"Camolodunum": Mapping {"Type": String("Town")}, "Walton Castle": Mapping {"Type": String("Fort")}}
    in build_scenario_from_yaml with map_file_path="C:\\Users\\matth\\Documents\\GitHub\\pdg-rust-cli\\src\\setup\\map.yaml" scenario_file_path="C:\\Users\\matth\\Documents\\GitHub\\pdg-rust-cli\\src\\setup\\scenario_de_excidio_britanniae.yaml"

  2026-08-30T16:55:00.294366Z  INFO  space_id: "Votadini", space: Mapping {"Control": String("Briton"), "Prosperity": Mapping {"Top": Number(2), "Bottom": Number(2)}, "Stronghold Sites": Mapping {"Yeavering": Mapping {"Type": String("Hillfort")}, "Taprain Law": Mapping {"Type": String("Hillfort")}}, "Units": Mapping {"Militia": Mapping {"Without Plunder": Number(4)}}}
    in build_scenario_from_yaml with map_file_path="C:\\Users\\matth\\Documents\\GitHub\\pdg-rust-cli\\src\\setup\\map.yaml" scenario_file_path="C:\\Users\\matth\\Documents\\GitHub\\pdg-rust-cli\\src\\setup\\scenario_de_excidio_britanniae.yaml"

  2026-08-30T16:55:00.294385Z  INFO  land.space_type: Region
    in build_scenario_from_yaml with map_file_path="C:\\Users\\matth\\Documents\\GitHub\\pdg-rust-cli\\src\\setup\\map.yaml" scenario_file_path="C:\\Users\\matth\\Documents\\GitHub\\pdg-rust-cli\\src\\setup\\scenario_de_excidio_britanniae.yaml"

  2026-08-30T16:55:00.294399Z  INFO  stronghold_sites: Mapping {"Yeavering": Mapping {"Type": String("Hillfort")}, "Taprain Law": Mapping {"Type": String("Hillfort")}}
    in build_scenario_from_yaml with map_file_path="C:\\Users\\matth\\Documents\\GitHub\\pdg-rust-cli\\src\\setup\\map.yaml" scenario_file_path="C:\\Users\\matth\\Documents\\GitHub\\pdg-rust-cli\\src\\setup\\scenario_de_excidio_britanniae.yaml"

  2026-08-30T16:55:00.294416Z  INFO  space_id: "Oceanus Britannicus", space: Mapping {"Patrolled": Bool(true)}
    in build_scenario_from_yaml with map_file_path="C:\\Users\\matth\\Documents\\GitHub\\pdg-rust-cli\\src\\setup\\map.yaml" scenario_file_path="C:\\Users\\matth\\Documents\\GitHub\\pdg-rust-cli\\src\\setup\\scenario_de_excidio_britanniae.yaml"

  2026-08-30T16:55:00.294433Z  INFO  space_id: "Oceanus Germanicus", space: Mapping {"Patrolled": Bool(true)}
    in build_scenario_from_yaml with map_file_path="C:\\Users\\matth\\Documents\\GitHub\\pdg-rust-cli\\src\\setup\\map.yaml" scenario_file_path="C:\\Users\\matth\\Documents\\GitHub\\pdg-rust-cli\\src\\setup\\scenario_de_excidio_britanniae.yaml"

  2026-08-30T16:55:00.294447Z  INFO  space_id: "Oceanus Hibernicus", space: Mapping {"Patrolled": Bool(false)}
    in build_scenario_from_yaml with map_file_path="C:\\Users\\matth\\Documents\\GitHub\\pdg-rust-cli\\src\\setup\\map.yaml" scenario_file_path="C:\\Users\\matth\\Documents\\GitHub\\pdg-rust-cli\\src\\setup\\scenario_de_excidio_britanniae.yaml"

  2026-08-30T16:55:00.294476Z  INFO  space_id: "Oceanus Septentrionalis", space: Mapping {"Patrolled": Bool(false)}
    in build_scenario_from_yaml with map_file_path="C:\\Users\\matth\\Documents\\GitHub\\pdg-rust-cli\\src\\setup\\map.yaml" scenario_file_path="C:\\Users\\matth\\Documents\\GitHub\\pdg-rust-cli\\src\\setup\\scenario_de_excidio_britanniae.yaml"

  2026-08-30T16:55:00.294897Z  INFO  Pushed Calleva Atrebatum to back
    in build_deck

  2026-08-30T16:55:00.294921Z  INFO  Pushed Ard Ri to back
    in build_deck

  2026-08-30T16:55:00.294938Z  INFO  Pushed Anderida to back
    in build_deck

  2026-08-30T16:55:00.294950Z  INFO  Pushed Classis Britannica to back
    in build_deck

  2026-08-30T16:55:00.294962Z  INFO  Pushed Recruits to back
    in build_deck

  2026-08-30T16:55:00.294972Z  INFO  Pushed Deira to back
    in build_deck

  2026-08-30T16:55:00.294988Z  INFO  Pushed With The Cross On His Shoulders to back
    in build_deck

  2026-08-30T16:55:00.295000Z  INFO  Pushed Ambrosius Aurelianus to back
    in build_deck

  2026-08-30T16:55:00.295012Z  INFO  Pushed Celyddon Coed to back
    in build_deck

  2026-08-30T16:55:00.295022Z  INFO  Pushed Fickle Weather to back
    in build_deck

  2026-08-30T16:55:00.295032Z  INFO  Pushed Magnus Maximus to back
    in build_deck

  2026-08-30T16:55:00.295071Z  INFO  Checking for end of round...

  2026-08-30T16:55:00.295094Z  INFO  Continuing round

  2026-08-30T16:55:00.295107Z  INFO  Checking player state...

  2026-08-30T16:55:00.295116Z  INFO  Saxons is eligible

  2026-08-30T16:55:03.945051Z ERROR  error: "Saxons Raid command not yet implemented"

  2026-08-30T16:55:03.945087Z  WARN  For now, just marking player as Acted and continuing

  2026-08-30T16:55:06.326203Z ERROR  error: "Saxons Ravage feat not yet implemented"

  2026-08-30T16:55:06.326236Z  WARN  For now, just marking player as Acted and continuing

  2026-08-30T16:55:06.326253Z  INFO  Checking for end of round...

  2026-08-30T16:55:06.326263Z  INFO  Continuing round

  2026-08-30T16:55:06.326271Z  INFO  Checking player state...

  2026-08-30T16:55:06.326279Z  INFO  Scotti is eligible

  2026-08-30T16:59:07.188377Z ERROR  error: "Scotti March command not yet implemented"

  2026-08-30T16:59:07.188416Z  WARN  For now, just marking player as Acted and continuing

  2026-08-30T16:59:07.188437Z  INFO  Checking for end of round...

  2026-08-30T16:59:07.188445Z  INFO  Ending round

  2026-08-30T16:59:07.188453Z  INFO  Reseting eligibility...

  2026-08-30T16:59:07.188467Z  INFO  Eligibilities reset

  2026-08-30T16:59:07.188476Z  INFO  Advancing events...

  2026-08-30T16:59:07.188486Z  INFO  Events advanced



  2026-08-30T16:59:07.188493Z  INFO  state: Player eligibilities: {
    Scotti: Ineligible,
    Dux: Eligible,
    Civitates: Eligible,
    Saxons: Ineligible,
}
Available actions: AvailableActions {
    a: [
        Pass,
        CommandOnly,
        CommandFeat,
        Event,
    ],
    state: Start,
}

  2026-08-30T16:59:07.188508Z  INFO  Checking player state...

  2026-08-30T16:59:07.188517Z  INFO  Scotti is ineligible, proceeding to next player

  2026-08-30T16:59:07.188525Z  INFO  Checking for end of round...

  2026-08-30T16:59:07.188532Z  INFO  Continuing round

  2026-08-30T16:59:07.188539Z  INFO  Checking player state...

  2026-08-30T16:59:07.188546Z  INFO  Dux is eligible

  2026-08-30T16:59:11.487084Z  INFO  Checking for end of round...

  2026-08-30T16:59:11.487117Z  INFO  Continuing round

  2026-08-30T16:59:11.487127Z  INFO  Checking player state...

  2026-08-30T16:59:11.487136Z  INFO  Saxons is ineligible, proceeding to next player

  2026-08-30T16:59:11.487144Z  INFO  Checking for end of round...

  2026-08-30T16:59:11.487152Z  INFO  Continuing round

  2026-08-30T16:59:11.487158Z  INFO  Checking player state...

  2026-08-30T16:59:11.487166Z  INFO  Civitates is eligible

  2026-08-30T16:59:14.947156Z ERROR  error: "Civitates Trade command not yet implemented"

  2026-08-30T16:59:14.947191Z  WARN  For now, just marking player as Acted and continuing

  2026-08-30T16:59:16.358201Z ERROR  error: "Civitates Rule feat not yet implemented"

  2026-08-30T16:59:16.358241Z  WARN  For now, just marking player as Acted and continuing

  2026-08-30T16:59:16.358262Z  INFO  Checking for end of round...

  2026-08-30T16:59:16.358296Z  INFO  Ending round

  2026-08-30T16:59:16.358303Z  INFO  Reseting eligibility...

  2026-08-30T16:59:16.358316Z  INFO  Eligibilities reset

  2026-08-30T16:59:16.358324Z  INFO  Advancing events...

  2026-08-30T16:59:16.358345Z  INFO  Events advanced



  2026-08-30T16:59:16.358352Z  INFO  state: Player eligibilities: {
    Scotti: Eligible,
    Civitates: Ineligible,
    Dux: Ineligible,
    Saxons: Eligible,
}
Available actions: AvailableActions {
    a: [
        Pass,
        CommandOnly,
        CommandFeat,
        Event,
    ],
    state: Start,
}

  2026-08-30T16:59:16.358367Z  INFO  Checking player state...

  2026-08-30T16:59:16.358375Z  INFO  Saxons is eligible

  2026-08-30T16:59:21.080470Z ERROR  error: "Saxons Battle command not yet implemented"

  2026-08-30T16:59:21.080519Z  WARN  For now, just marking player as Acted and continuing

  2026-08-30T16:59:21.080544Z  INFO  Checking for end of round...

  2026-08-30T16:59:21.080558Z  INFO  Continuing round

  2026-08-30T16:59:21.080570Z  INFO  Checking player state...

  2026-08-30T16:59:21.080584Z  INFO  Dux is ineligible, proceeding to next player

  2026-08-30T16:59:21.080597Z  INFO  Checking for end of round...

  2026-08-30T16:59:21.080609Z  INFO  Continuing round

  2026-08-30T16:59:21.080620Z  INFO  Checking player state...

  2026-08-30T16:59:21.080632Z  INFO  Scotti is eligible

